// Jest Snapshot v1, https://goo.gl/fbAQLP

exports[`<Gauge /> should otherwise match the expected snapshot 1`] = `
<div>
  <div
    aria-valuenow="50"
    class="MuiLinearProgress-root MuiLinearProgress-colorPrimary MuiLinearProgress-determinate"
    role="progressbar"
    style="height: 8px;"
  >
    <div
      class="MuiLinearProgress-bar MuiLinearProgress-barColorPrimary MuiLinearProgress-bar1Determinate"
      style="transform: translateX(-50%);"
    />
  </div>
</div>
`;
